<?xml version="1.0" ?>
<FlowMonitor>
  <FlowStats>
    <Flow flowId="1" timeFirstTxPacket="+2.00714e+07ns" timeFirstRxPacket="+2.00716e+07ns" timeLastTxPacket="+2.00714e+07ns" timeLastRxPacket="+2.00717e+07ns" delaySum="+399ns" jitterSum="+133ns" lastDelay="+266ns" maxDelay="+266ns" minDelay="+133ns" txBytes="328" rxBytes="328" txPackets="2" rxPackets="2" lostPackets="0" timesForwarded="0">
      <delayHistogram nBins="1" >
        <bin index="0" start="0" width="0.001" count="2" />
      </delayHistogram>
      <jitterHistogram nBins="1" >
        <bin index="0" start="0" width="0.001" count="1" />
      </jitterHistogram>
      <packetSizeHistogram nBins="9" >
        <bin index="8" start="160" width="20" count="2" />
      </packetSizeHistogram>
      <flowInterruptionsHistogram nBins="0" >
      </flowInterruptionsHistogram>
    </Flow>
    <Flow flowId="2" timeFirstTxPacket="+2.00716e+07ns" timeFirstRxPacket="+2.00717e+07ns" timeLastTxPacket="+2.00717e+07ns" timeLastRxPacket="+2.00718e+07ns" delaySum="+266ns" jitterSum="+0ns" lastDelay="+133ns" maxDelay="+133ns" minDelay="+133ns" txBytes="328" rxBytes="328" txPackets="2" rxPackets="2" lostPackets="0" timesForwarded="0">
      <delayHistogram nBins="1" >
        <bin index="0" start="0" width="0.001" count="2" />
      </delayHistogram>
      <jitterHistogram nBins="1" >
        <bin index="0" start="0" width="0.001" count="1" />
      </jitterHistogram>
      <packetSizeHistogram nBins="9" >
        <bin index="8" start="160" width="20" count="2" />
      </packetSizeHistogram>
      <flowInterruptionsHistogram nBins="0" >
      </flowInterruptionsHistogram>
    </Flow>
    <Flow flowId="3" timeFirstTxPacket="+2.00717e+07ns" timeFirstRxPacket="+2.00718e+07ns" timeLastTxPacket="+2.00718e+07ns" timeLastRxPacket="+2.00719e+07ns" delaySum="+236ns" jitterSum="+0ns" lastDelay="+118ns" maxDelay="+118ns" minDelay="+118ns" txBytes="292" rxBytes="292" txPackets="2" rxPackets="2" lostPackets="0" timesForwarded="0">
      <delayHistogram nBins="1" >
        <bin index="0" start="0" width="0.001" count="2" />
      </delayHistogram>
      <jitterHistogram nBins="1" >
        <bin index="0" start="0" width="0.001" count="1" />
      </jitterHistogram>
      <packetSizeHistogram nBins="8" >
        <bin index="7" start="140" width="20" count="2" />
      </packetSizeHistogram>
      <flowInterruptionsHistogram nBins="0" >
      </flowInterruptionsHistogram>
    </Flow>
    <Flow flowId="4" timeFirstTxPacket="+2.00718e+07ns" timeFirstRxPacket="+2.00719e+07ns" timeLastTxPacket="+2.00719e+07ns" timeLastRxPacket="+2.00721e+07ns" delaySum="+236ns" jitterSum="+0ns" lastDelay="+118ns" maxDelay="+118ns" minDelay="+118ns" txBytes="292" rxBytes="292" txPackets="2" rxPackets="2" lostPackets="0" timesForwarded="0">
      <delayHistogram nBins="1" >
        <bin index="0" start="0" width="0.001" count="2" />
      </delayHistogram>
      <jitterHistogram nBins="1" >
        <bin index="0" start="0" width="0.001" count="1" />
      </jitterHistogram>
      <packetSizeHistogram nBins="8" >
        <bin index="7" start="140" width="20" count="2" />
      </packetSizeHistogram>
      <flowInterruptionsHistogram nBins="0" >
      </flowInterruptionsHistogram>
    </Flow>
    <Flow flowId="5" timeFirstTxPacket="+4e+08ns" timeFirstRxPacket="+4.13814e+08ns" timeLastTxPacket="+1.799e+09ns" timeLastRxPacket="+1.81724e+09ns" delaySum="+1.91277e+10ns" jitterSum="+2.09143e+08ns" lastDelay="+1.82429e+07ns" maxDelay="+2.13143e+07ns" minDelay="+1.32429e+07ns" txBytes="1439200" rxBytes="1439200" txPackets="1400" rxPackets="1400" lostPackets="0" timesForwarded="1400">
      <delayHistogram nBins="22" >
        <bin index="13" start="0.013" width="0.001" count="1240" />
        <bin index="14" start="0.014" width="0.001" count="22" />
        <bin index="15" start="0.015" width="0.001" count="21" />
        <bin index="16" start="0.016" width="0.001" count="24" />
        <bin index="17" start="0.017" width="0.001" count="28" />
        <bin index="18" start="0.018" width="0.001" count="60" />
        <bin index="19" start="0.019" width="0.001" count="3" />
        <bin index="20" start="0.02" width="0.001" count="1" />
        <bin index="21" start="0.021" width="0.001" count="1" />
      </delayHistogram>
      <jitterHistogram nBins="6" >
        <bin index="0" start="0" width="0.001" count="1269" />
        <bin index="1" start="0.001" width="0.001" count="108" />
        <bin index="2" start="0.002" width="0.001" count="3" />
        <bin index="3" start="0.003" width="0.001" count="1" />
        <bin index="4" start="0.004" width="0.001" count="1" />
        <bin index="5" start="0.005" width="0.001" count="17" />
      </jitterHistogram>
      <packetSizeHistogram nBins="52" >
        <bin index="51" start="1020" width="20" count="1400" />
      </packetSizeHistogram>
      <flowInterruptionsHistogram nBins="0" >
      </flowInterruptionsHistogram>
    </Flow>
    <Flow flowId="6" timeFirstTxPacket="+4e+08ns" timeFirstRxPacket="+4.13814e+08ns" timeLastTxPacket="+1.799e+09ns" timeLastRxPacket="+1.93624e+09ns" delaySum="+3.19452e+10ns" jitterSum="+7.39286e+08ns" lastDelay="+1.37243e+08ns" maxDelay="+2.10243e+08ns" minDelay="+1.32429e+07ns" txBytes="1439200" rxBytes="1434060" txPackets="1400" rxPackets="1395" lostPackets="0" timesForwarded="1395">
      <delayHistogram nBins="211" >
        <bin index="13" start="0.013" width="0.001" count="1020" />
        <bin index="14" start="0.014" width="0.001" count="46" />
        <bin index="15" start="0.015" width="0.001" count="29" />
        <bin index="16" start="0.016" width="0.001" count="34" />
        <bin index="17" start="0.017" width="0.001" count="51" />
        <bin index="18" start="0.018" width="0.001" count="69" />
        <bin index="19" start="0.019" width="0.001" count="10" />
        <bin index="20" start="0.02" width="0.001" count="12" />
        <bin index="21" start="0.021" width="0.001" count="12" />
        <bin index="22" start="0.022" width="0.001" count="12" />
        <bin index="23" start="0.023" width="0.001" count="12" />
        <bin index="24" start="0.024" width="0.001" count="2" />
        <bin index="25" start="0.025" width="0.001" count="2" />
        <bin index="26" start="0.026" width="0.001" count="2" />
        <bin index="27" start="0.027" width="0.001" count="2" />
        <bin index="28" start="0.028" width="0.001" count="2" />
        <bin index="112" start="0.112" width="0.001" count="1" />
        <bin index="113" start="0.113" width="0.001" count="1" />
        <bin index="114" start="0.114" width="0.001" count="1" />
        <bin index="115" start="0.115" width="0.001" count="1" />
        <bin index="116" start="0.116" width="0.001" count="1" />
        <bin index="117" start="0.117" width="0.001" count="1" />
        <bin index="118" start="0.118" width="0.001" count="1" />
        <bin index="137" start="0.137" width="0.001" count="1" />
        <bin index="138" start="0.138" width="0.001" count="1" />
        <bin index="139" start="0.139" width="0.001" count="1" />
        <bin index="140" start="0.14" width="0.001" count="1" />
        <bin index="141" start="0.141" width="0.001" count="1" />
        <bin index="142" start="0.142" width="0.001" count="1" />
        <bin index="143" start="0.143" width="0.001" count="1" />
        <bin index="144" start="0.144" width="0.001" count="1" />
        <bin index="145" start="0.145" width="0.001" count="1" />
        <bin index="146" start="0.146" width="0.001" count="1" />
        <bin index="147" start="0.147" width="0.001" count="1" />
        <bin index="148" start="0.148" width="0.001" count="1" />
        <bin index="149" start="0.149" width="0.001" count="1" />
        <bin index="150" start="0.15" width="0.001" count="1" />
        <bin index="151" start="0.151" width="0.001" count="1" />
        <bin index="152" start="0.152" width="0.001" count="1" />
        <bin index="153" start="0.153" width="0.001" count="1" />
        <bin index="154" start="0.154" width="0.001" count="1" />
        <bin index="155" start="0.155" width="0.001" count="1" />
        <bin index="156" start="0.156" width="0.001" count="1" />
        <bin index="157" start="0.157" width="0.001" count="1" />
        <bin index="159" start="0.159" width="0.001" count="1" />
        <bin index="161" start="0.161" width="0.001" count="1" />
        <bin index="162" start="0.162" width="0.001" count="1" />
        <bin index="163" start="0.163" width="0.001" count="1" />
        <bin index="164" start="0.164" width="0.001" count="1" />
        <bin index="165" start="0.165" width="0.001" count="1" />
        <bin index="166" start="0.166" width="0.001" count="1" />
        <bin index="167" start="0.167" width="0.001" count="1" />
        <bin index="168" start="0.168" width="0.001" count="1" />
        <bin index="169" start="0.169" width="0.001" count="1" />
        <bin index="170" start="0.17" width="0.001" count="1" />
        <bin index="171" start="0.171" width="0.001" count="1" />
        <bin index="172" start="0.172" width="0.001" count="1" />
        <bin index="173" start="0.173" width="0.001" count="1" />
        <bin index="174" start="0.174" width="0.001" count="1" />
        <bin index="175" start="0.175" width="0.001" count="1" />
        <bin index="176" start="0.176" width="0.001" count="1" />
        <bin index="177" start="0.177" width="0.001" count="1" />
        <bin index="178" start="0.178" width="0.001" count="1" />
        <bin index="179" start="0.179" width="0.001" count="1" />
        <bin index="180" start="0.18" width="0.001" count="1" />
        <bin index="181" start="0.181" width="0.001" count="1" />
        <bin index="182" start="0.182" width="0.001" count="1" />
        <bin index="183" start="0.183" width="0.001" count="1" />
        <bin index="184" start="0.184" width="0.001" count="1" />
        <bin index="185" start="0.185" width="0.001" count="1" />
        <bin index="186" start="0.186" width="0.001" count="1" />
        <bin index="187" start="0.187" width="0.001" count="1" />
        <bin index="188" start="0.188" width="0.001" count="1" />
        <bin index="189" start="0.189" width="0.001" count="1" />
        <bin index="190" start="0.19" width="0.001" count="1" />
        <bin index="191" start="0.191" width="0.001" count="1" />
        <bin index="192" start="0.192" width="0.001" count="1" />
        <bin index="193" start="0.193" width="0.001" count="1" />
        <bin index="194" start="0.194" width="0.001" count="1" />
        <bin index="195" start="0.195" width="0.001" count="1" />
        <bin index="196" start="0.196" width="0.001" count="1" />
        <bin index="197" start="0.197" width="0.001" count="1" />
        <bin index="198" start="0.198" width="0.001" count="1" />
        <bin index="200" start="0.2" width="0.001" count="1" />
        <bin index="201" start="0.201" width="0.001" count="1" />
        <bin index="202" start="0.202" width="0.001" count="1" />
        <bin index="203" start="0.203" width="0.001" count="1" />
        <bin index="204" start="0.204" width="0.001" count="1" />
        <bin index="205" start="0.205" width="0.001" count="1" />
        <bin index="206" start="0.206" width="0.001" count="1" />
        <bin index="207" start="0.207" width="0.001" count="1" />
        <bin index="208" start="0.208" width="0.001" count="1" />
        <bin index="209" start="0.209" width="0.001" count="1" />
        <bin index="210" start="0.21" width="0.001" count="1" />
      </delayHistogram>
      <jitterHistogram nBins="99" >
        <bin index="0" start="0" width="0.001" count="1031" />
        <bin index="1" start="0.001" width="0.001" count="316" />
        <bin index="2" start="0.002" width="0.001" count="8" />
        <bin index="3" start="0.003" width="0.001" count="1" />
        <bin index="4" start="0.004" width="0.001" count="3" />
        <bin index="5" start="0.005" width="0.001" count="25" />
        <bin index="6" start="0.006" width="0.001" count="2" />
        <bin index="7" start="0.007" width="0.001" count="2" />
        <bin index="8" start="0.008" width="0.001" count="1" />
        <bin index="9" start="0.009" width="0.001" count="1" />
        <bin index="10" start="0.01" width="0.001" count="1" />
        <bin index="13" start="0.013" width="0.001" count="1" />
        <bin index="98" start="0.098" width="0.001" count="2" />
      </jitterHistogram>
      <packetSizeHistogram nBins="52" >
        <bin index="51" start="1020" width="20" count="1395" />
      </packetSizeHistogram>
      <flowInterruptionsHistogram nBins="0" >
      </flowInterruptionsHistogram>
    </Flow>
  </FlowStats>
  <Ipv4FlowClassifier>
    <Flow flowId="5" sourceAddress="1.0.0.2" destinationAddress="7.0.0.2" protocol="17" sourcePort="49153" destinationPort="1234">
      <Dscp value="0x0" packets="1400" />
    </Flow>
    <Flow flowId="6" sourceAddress="1.0.0.2" destinationAddress="7.0.0.3" protocol="17" sourcePort="49154" destinationPort="1234">
      <Dscp value="0x0" packets="1400" />
    </Flow>
    <Flow flowId="1" sourceAddress="13.0.0.5" destinationAddress="13.0.0.6" protocol="17" sourcePort="2123" destinationPort="2123">
      <Dscp value="0x0" packets="2" />
    </Flow>
    <Flow flowId="4" sourceAddress="13.0.0.6" destinationAddress="13.0.0.5" protocol="17" sourcePort="2123" destinationPort="2123">
      <Dscp value="0x0" packets="2" />
    </Flow>
    <Flow flowId="3" sourceAddress="14.0.0.5" destinationAddress="14.0.0.6" protocol="17" sourcePort="2123" destinationPort="2123">
      <Dscp value="0x0" packets="2" />
    </Flow>
    <Flow flowId="2" sourceAddress="14.0.0.6" destinationAddress="14.0.0.5" protocol="17" sourcePort="2123" destinationPort="2123">
      <Dscp value="0x0" packets="2" />
    </Flow>
  </Ipv4FlowClassifier>
  <Ipv6FlowClassifier>
  </Ipv6FlowClassifier>
  <FlowProbes>
    <FlowProbe index="0">
    </FlowProbe>
    <FlowProbe index="1">
    </FlowProbe>
    <FlowProbe index="2">
    </FlowProbe>
    <FlowProbe index="3">
    </FlowProbe>
    <FlowProbe index="4">
      <FlowStats  flowId="5" packets="1400" bytes="1439200" delayFromFirstProbeSum="+1.91277e+10ns" >
      </FlowStats>
    </FlowProbe>
    <FlowProbe index="5">
    </FlowProbe>
    <FlowProbe index="6">
      <FlowStats  flowId="6" packets="1395" bytes="1434060" delayFromFirstProbeSum="+3.19452e+10ns" >
      </FlowStats>
    </FlowProbe>
    <FlowProbe index="7">
    </FlowProbe>
    <FlowProbe index="8">
      <FlowStats  flowId="2" packets="2" bytes="328" delayFromFirstProbeSum="+266ns" >
      </FlowStats>
      <FlowStats  flowId="3" packets="2" bytes="292" delayFromFirstProbeSum="+0ns" >
      </FlowStats>
      <FlowStats  flowId="5" packets="1400" bytes="1439200" delayFromFirstProbeSum="+1.40001e+10ns" >
      </FlowStats>
      <FlowStats  flowId="6" packets="1400" bytes="1439200" delayFromFirstProbeSum="+1.40002e+10ns" >
      </FlowStats>
    </FlowProbe>
    <FlowProbe index="9">
    </FlowProbe>
    <FlowProbe index="10">
      <FlowStats  flowId="1" packets="2" bytes="328" delayFromFirstProbeSum="+399ns" >
      </FlowStats>
      <FlowStats  flowId="2" packets="2" bytes="328" delayFromFirstProbeSum="+0ns" >
      </FlowStats>
      <FlowStats  flowId="3" packets="2" bytes="292" delayFromFirstProbeSum="+236ns" >
      </FlowStats>
      <FlowStats  flowId="4" packets="2" bytes="292" delayFromFirstProbeSum="+0ns" >
      </FlowStats>
    </FlowProbe>
    <FlowProbe index="11">
    </FlowProbe>
    <FlowProbe index="12">
      <FlowStats  flowId="1" packets="2" bytes="328" delayFromFirstProbeSum="+0ns" >
      </FlowStats>
      <FlowStats  flowId="4" packets="2" bytes="292" delayFromFirstProbeSum="+236ns" >
      </FlowStats>
    </FlowProbe>
    <FlowProbe index="13">
    </FlowProbe>
    <FlowProbe index="14">
      <FlowStats  flowId="5" packets="1400" bytes="1439200" delayFromFirstProbeSum="+0ns" >
      </FlowStats>
      <FlowStats  flowId="6" packets="1400" bytes="1439200" delayFromFirstProbeSum="+0ns" >
      </FlowStats>
    </FlowProbe>
    <FlowProbe index="15">
    </FlowProbe>
  </FlowProbes>
</FlowMonitor>
